# Fail[p1]: Cannot find model directory 'model/'!                               @ /lm23_hdd/harpy/src/config/reader/ModelReader.cpp:52
 0# Log::~Log() at /lm23_hdd/harpy/src/harpy/Log.cpp:192
 1# config::reader::ModelReader::check_files() at /lm23_hdd/harpy/src/config/reader/ModelReader.cpp:52
 2# config::reader::ModelReader::ModelReader(config::ModelConfig&) at /lm23_hdd/harpy/src/config/reader/ModelReader.cpp:24
 3# config::ModelConfig::ModelConfig(std::__cxx11::basic_string<char, std::char_traits<char>, std::allocator<char> >) at /lm23_hdd/harpy/src/config/ModelConfig.cpp:24
 4# main at /lm23_hdd/harpy/src/main/harpy.cpp:21
 5# __libc_start_call_main at ../sysdeps/nptl/libc_start_call_main.h:74
 6# __libc_start_main at ../csu/libc-start.c:347
 7# _start in ./../../../build/opt/harpy

 ----------------------------------------------------------------------
| Processor id:   1                                                    |
| Num Processors: 8                                                    |
| Time:           Fri Jun 26 16:50:12 2026                             |
| OS:             Linux                                                |
| HostName:       HpNotePoli                                           |
| OS Release:     6.6.87.2-microsoft-standard-WSL2                     |
| OS Version:     #1 SMP PREEMPT_DYNAMIC Thu Jun  5 18:30:46 UTC 2025  |
| Machine:        x86_64                                               |
| Username:       ubuntu                                               |
| Configuration:  ../configure  '--prefix=/usr/local'                  |
|  '--enable-mpi-required'                                             |
|  '--enable-vtk-required'                                             |
|  '--enable-petsc-required'                                           |
|  '--enable-slepc-required'                                           |
|  '--with-vtk-include=/usr/local/include/vtk-9.3'                     |
|  '--with-vtk-lib=/usr/local/lib'                                     |
|  '--enable-netcdf=v492'                                              |
|  '--enable-hdf5-required'                                            |
|  'METHODS=opt'                                                       |
|  'PETSC_DIR=/opt/petsc'                                              |
|  'PETSC_ARCH=arch-linux-c-opt'                                       |
|  'SLEPC_DIR=/opt/petsc/arch-linux-c-opt'                             |
 ----------------------------------------------------------------------
 ------------------------------------------------------------------------------------------------------------
| GLOBAL_PROFILE Performance: Alive time=2.5824, Active time=0                                               |
 ------------------------------------------------------------------------------------------------------------
| Event                         nCalls     Total Time  Avg Time    Total Time  Avg Time    % of Active Time  |
|                                          w/o Sub     w/o Sub     With Sub    With Sub    w/o S    With S   |
|------------------------------------------------------------------------------------------------------------|
|                                                                                                            |
| FULL RUN                      1          0.0000      0.000000    0.0000      0.000000    0.00     0.00     |
 ------------------------------------------------------------------------------------------------------------
| Totals:                       1          0.0000                                          0.00              |
 ------------------------------------------------------------------------------------------------------------

